src/components/ChatMessage.tsx(1,1): error TS6133: 'useTranslation' is declared but its value is never read.
src/components/ChatMessage.tsx(137,26): error TS2304: Cannot find name 't'.
src/components/ChatMessage.tsx(151,28): error TS2304: Cannot find name 't'.
src/components/EcoAnalysis.tsx(1,1): error TS6133: 'useTranslation' is declared but its value is never read.
src/components/EcoAnalysis.tsx(106,53): error TS2304: Cannot find name 't'.
src/components/EcoAnalysis.tsx(107,48): error TS2304: Cannot find name 't'.
src/components/EcoAnalysis.tsx(124,53): error TS2304: Cannot find name 't'.
src/components/EcoAnalysis.tsx(141,59): error TS2304: Cannot find name 't'.
src/components/EcoAnalysis.tsx(145,106): error TS2304: Cannot find name 't'.
src/components/EcoAnalysis.tsx(146,59): error TS2304: Cannot find name 't'.
src/components/EcoAnalysis.tsx(150,103): error TS2304: Cannot find name 't'.
src/components/EcoAnalysis.tsx(151,59): error TS2304: Cannot find name 't'.
src/components/EcoAnalysis.tsx(156,59): error TS2304: Cannot find name 't'.
src/components/EcoAnalysis.tsx(164,66): error TS2304: Cannot find name 't'.
src/components/EcoAnalysis.tsx(170,28): error TS2304: Cannot find name 't'.
src/components/EcoAnalysis.tsx(173,28): error TS2304: Cannot find name 't'.
src/components/EcoAnalysis.tsx(181,20): error TS2304: Cannot find name 't'.
src/components/EcoAnalysis.tsx(202,20): error TS2304: Cannot find name 't'.
src/components/EcoAnalysis.tsx(226,53): error TS2304: Cannot find name 't'.
src/components/EcoAnalysis.tsx(241,22): error TS2304: Cannot find name 't'.
src/components/maps/ItemsMap.tsx(1,1): error TS6133: 'useTranslation' is declared but its value is never read.
src/components/maps/ItemsMap.tsx(112,24): error TS2304: Cannot find name 't'.
src/components/qr/QRScanner.tsx(1,1): error TS6133: 'useTranslation' is declared but its value is never read.
src/components/qr/QRScanner.tsx(57,54): error TS2304: Cannot find name 't'.
src/pages/CampaignDetailsPage.tsx(47,62): error TS2304: Cannot find name 't'.
src/pages/CampaignDetailsPage.tsx(50,10): error TS2304: Cannot find name 't'.
src/pages/CampaignDetailsPage.tsx(77,41): error TS2304: Cannot find name 't'.
src/pages/CampaignDetailsPage.tsx(81,16): error TS2304: Cannot find name 't'.
src/pages/CampaignDetailsPage.tsx(86,135): error TS2304: Cannot find name 't'.
src/pages/CampaignDetailsPage.tsx(102,16): error TS2304: Cannot find name 't'.
src/pages/CampaignDetailsPage.tsx(122,42): error TS2304: Cannot find name 't'.
src/pages/CampaignDetailsPage.tsx(192,62): error TS2304: Cannot find name 't'.
src/pages/CampaignDetailsPage.tsx(195,10): error TS2304: Cannot find name 't'.
src/pages/CampaignDetailsPage.tsx(211,89): error TS2304: Cannot find name 't'.
src/pages/CampaignDetailsPage.tsx(229,18): error TS2304: Cannot find name 't'.
src/pages/CampaignDetailsPage.tsx(244,52): error TS2304: Cannot find name 't'.
src/pages/CampaignDetailsPage.tsx(249,22): error TS2304: Cannot find name 't'.
src/pages/CampaignDetailsPage.tsx(259,30): error TS2304: Cannot find name 't'.
